// Jest Snapshot v1, https://goo.gl/fbAQLP

exports[`main render screen health screen macthes snapshot 1`] = `
<main>
  <p>
    Screen Text
  </p>
</main>
`;
